2026-10-01 10:33:54.842: [INFO][Sync] Reset engine, reason: 8
2026-10-01 10:33:54.842: [INFO][Sync] Stopped: Bookmarks
2026-10-01 10:33:54.842: [INFO][Sync] Stopped: Preferences
2026-10-01 10:33:54.842: [INFO][Sync] Stopped: Passwords
2026-10-01 10:33:54.842: [INFO][Sync] Stopped: Autofill Profiles
2026-10-01 10:33:54.842: [INFO][Sync] Stopped: Autofill
2026-10-01 10:33:54.842: [INFO][Sync] Stopped: Extensions
2026-10-01 10:33:54.842: [INFO][Sync] Stopped: Sessions
2026-10-01 10:33:54.842: [INFO][Sync] Stopped: Extension settings
2026-10-01 10:33:54.842: [INFO][Sync] Stopped: History Delete Directives
2026-10-01 10:33:54.842: [INFO][Sync] Stopped: Device Info
2026-10-01 10:33:54.842: [INFO][Sync] Stopped: User Consents
2026-10-01 10:33:54.842: [INFO][Sync] Stopped: Send Tab To Self
2026-10-01 10:33:54.842: [INFO][Sync] Stopped: Web Apps
2026-10-01 10:33:54.842: [INFO][Sync] Stopped: History
2026-10-01 10:33:54.842: [INFO][Sync] Stopped: Saved Tab Group
2026-10-01 10:33:54.842: [INFO][Sync] Stopped: WebAuthn Credentials
2026-10-01 10:33:54.842: [INFO][Sync] Stopped: Edge Hub App Usage
2026-10-01 10:33:54.842: [INFO][Sync] Stopped: Edge Journey
2026-10-01 10:33:54.842: [INFO][Sync] Stopped: Edge Workspace
2026-10-01 10:33:54.842: [INFO][Sync] SyncState after authenticated was: NotSignedIn
2026-10-01 10:33:55.128: [INFO][Sync] Reset engine, reason: 8
2026-10-01 10:33:55.128: [INFO][Sync] Stopped: Bookmarks
2026-10-01 10:33:55.128: [INFO][Sync] Stopped: Preferences
2026-10-01 10:33:55.128: [INFO][Sync] Stopped: Passwords
2026-10-01 10:33:55.128: [INFO][Sync] Stopped: Autofill Profiles
2026-10-01 10:33:55.128: [INFO][Sync] Stopped: Autofill
2026-10-01 10:33:55.128: [INFO][Sync] Stopped: Extensions
2026-10-01 10:33:55.128: [INFO][Sync] Stopped: Sessions
2026-10-01 10:33:55.128: [INFO][Sync] Stopped: Extension settings
2026-10-01 10:33:55.128: [INFO][Sync] Stopped: History Delete Directives
2026-10-01 10:33:55.128: [INFO][Sync] Stopped: Device Info
2026-10-01 10:33:55.128: [INFO][Sync] Stopped: User Consents
2026-10-01 10:33:55.128: [INFO][Sync] Stopped: Send Tab To Self
2026-10-01 10:33:55.128: [INFO][Sync] Stopped: Web Apps
2026-10-01 10:33:55.128: [INFO][Sync] Stopped: History
2026-10-01 10:33:55.128: [INFO][Sync] Stopped: Saved Tab Group
2026-10-01 10:33:55.128: [INFO][Sync] Stopped: WebAuthn Credentials
2026-10-01 10:33:55.128: [INFO][Sync] Stopped: Edge Hub App Usage
2026-10-01 10:33:55.128: [INFO][Sync] Stopped: Edge Journey
2026-10-01 10:33:55.128: [INFO][Sync] Stopped: Edge Workspace
2026-10-01 10:33:58.070: [INFO][Sync] Try to start sync engine
2026-10-01 10:33:58.072: [INFO][SyncManagerImpl::NudgeForInitialDownload] Initial download nudge for Encryption Keys
2026-10-01 10:33:58.072: [INFO][SyncEngineBackend::LoadAndConnectNigoriController] Load and connect Nigori controller
2026-10-01 10:33:58.072: [INFO][SyncEngineBackend::DoInitialize] Control Types added: Encryption Keys
2026-10-01 10:33:58.072: [INFO][SyncManagerImpl::ConfigureSyncer] Types to download: Encryption Keys with reason: 3
2026-10-01 10:33:58.072: [INFO][SyncSchedulerImpl::DoConfigurationSyncCycleJob] Configure job was blocked
2026-10-01 10:33:58.114: [INFO][SyncAuthManager::SetLastAuthError] Current auth error: None
2026-10-01 10:33:58.114: [INFO][SyncAuthManager::EdgeLogTokenErrorState] Token error with: None for account type: MSA
2026-10-01 10:33:58.114: [INFO][Sync] Credentials changed for: EdgeSyncScopeNew
