{"logTime": "1001/103506", "correlationVector":"ACRITDbKBLZbxkonfiFG3s.1","action":"SyncServerConnectionManagerRequest", "result":"SYNC_SERVER_OK", "context":{"environment":"Prod_southeastasia_prod-s01-065-apac-southeastasia", "migrationStage":"NotStarted", "server":"akswtt00300002j"}}
{"logTime": "1001/103506", "correlationVector":"ACRITDbKBLZbxkonfiFG3s.2","action":"ProcessGetUpdates", "result":"Done", "context":{"dataType":"Encryption Keys", "deleted":"0", "process_failed_to_decrypt":"0", "process_pending_decryption":"0", "process_success":"1", "total":"1"}}
{"logTime": "1001/103508", "correlationVector":"hHIq+EIIo/z8MYZiwCCqnD","action":"SyncServerConnectionManagerRequest", "result":"SYNC_SERVER_OK", "context":{"environment":"", "migrationStage":"", "server":""}}
{"logTime": "1001/103508", "correlationVector":"hHIq+EIIo/z8MYZiwCCqnD.0","action":"EncryptionKeysFetcher.DownloadKeys:", "result":"Success", "context":Key count: 6, Last key timestamp: 2026-04-10T05:33:03Z}
{"logTime": "1001/103508", "correlationVector":"hHIq+EIIo/z8MYZiwCCqnD.1","action":"EncryptionKeysManager::SetEncryptionKeys:", "result":"Success", "context":Key names[6]:[z0IG6N7GJjXUg1ELrTLOalUI2CKU6kEKoWZ6vTefkaFdnte+9hQ5ggMGpsgw6AOx2vyMB0vJKl7BXpfQP+oT7w==][242+9f7OPQUiXoRNvSO0wqbZxIqfUEetOcI0AEsdidUFoCnWveD8aNLCOCnB2XAfzvII183utr5M5Ea3ZNyLig==][xBczRMs352V7T5nuFDNLZTMUAmB4iqs/q5jIoZscwzKUbRGHCCUEMQidbzMogVXL4OUFXfI8uvxOxSflkLFHEQ==][VwaOft4mFJp0+3QZtIfia2mF6x2FCyeWhSRVIZu4rsWR3JC2EZTA1F5QIU00lPBmdGkM7FlxiayTiXXe+jr3uw==][n6AH2SMLa/036PvSOn4pVowAC4bbHI24/FztoVwXO/V8ZOEt8EoNjI/PHTM8WX+Sj+hrxGXpA6ZTXlXWTib2WQ==][iMiM/ooEdWnHisk7kWuibD+z07bTsrzXqPMcpjw639mQaBkzboMHT/u9Z+11GgUd8ZFDxZneYXOZ4oNoQxi5GQ==]}
{"logTime": "1001/103508", "correlationVector":"hHIq+EIIo/z8MYZiwCCqnD.2","action":"EncryptionKeysManager::SetEncryptionKeysWithTimestamps:", "result":"Success", "context":Key timestamps[6]:[2024-02-28T05:31:52Z][2024-04-03T14:36:05Z][2024-10-12T06:58:34Z][2025-04-12T15:17:28Z][2025-10-12T03:38:27Z][2026-04-10T05:33:03Z]}
{"logTime": "1001/103508", "correlationVector":"ACRITDbKBLZbxkonfiFG3s","action":"Initial GetUpdates", "result":"", "context":Reason: NEW_CLIENT. cV=ACRITDbKBLZbxkonfiFG3s}
{"logTime": "1001/103508", "correlationVector":"ACRITDbKBLZbxkonfiFG3s.3","action":"GetUpdates Response", "result":"Success", "context":Received 1 update(s). cV=ACRITDbKBLZbxkonfiFG3s.0;server=akswtt00300002j;cloudType=Consumer;environment=Prod_southeastasia_prod-s01-065-apac-southeastasia;migrationStage=NotStarted}
{"logTime": "1001/103508", "correlationVector":"NEv1ZmeiCHhP8sJw7W6/Uc","action":"Initial GetUpdates", "result":"", "context":Reason: NEWLY_SUPPORTED_DATATYPE. cV=NEv1ZmeiCHhP8sJw7W6/Uc}
{"logTime": "1001/103509", "correlationVector":"NEv1ZmeiCHhP8sJw7W6/Uc.1","action":"SyncServerConnectionManagerRequest", "result":"SYNC_SERVER_OK", "context":{"environment":"Prod_southeastasia_prod-s01-064-apac-southeastasia", "migrationStage":"NotStarted", "server":"akswtt00300005j"}}
{"logTime": "1001/103509", "correlationVector":"NEv1ZmeiCHhP8sJw7W6/Uc.2","action":"ProcessGetUpdates", "result":"Done", "context":{"dataType":"Passwords", "deleted":"0", "process_failed_to_decrypt":"0", "process_pending_decryption":"0", "process_success":"8", "total":"8"}}
{"logTime": "1001/103509", "correlationVector":"NEv1ZmeiCHhP8sJw7W6/Uc.3","action":"ProcessGetUpdates", "result":"Done", "context":{"dataType":"Device Info", "deleted":"0", "process_failed_to_decrypt":"0", "process_pending_decryption":"0", "process_success":"3", "total":"3"}}
{"logTime": "1001/103509", "correlationVector":"NEv1ZmeiCHhP8sJw7W6/Uc.4","action":"GetUpdates Response", "result":"Success", "context":Received 11 update(s). cV=NEv1ZmeiCHhP8sJw7W6/Uc.0;server=akswtt00300005j;cloudType=Consumer;environment=Prod_southeastasia_prod-s01-064-apac-southeastasia;migrationStage=NotStarted}
{"logTime": "1001/103509", "correlationVector":"5wWcQVbwkzZWwNYKK58qkZ","action":"Initial GetUpdates", "result":"", "context":Reason: NEWLY_SUPPORTED_DATATYPE. cV=5wWcQVbwkzZWwNYKK58qkZ}
{"logTime": "1001/103511", "correlationVector":"5wWcQVbwkzZWwNYKK58qkZ.1","action":"SyncServerConnectionManagerRequest", "result":"SYNC_SERVER_OK", "context":{"environment":"Prod_southeastasia_prod-s01-064-apac-southeastasia", "migrationStage":"NotStarted", "server":"akswtt00300002t"}}
{"logTime": "1001/103511", "correlationVector":"5wWcQVbwkzZWwNYKK58qkZ.2","action":"ProcessGetUpdates", "result":"Done", "context":{"dataType":"Bookmarks", "deleted":"0", "process_failed_to_decrypt":"0", "process_pending_decryption":"0", "process_success":"8", "total":"8"}}
{"logTime": "1001/103511", "correlationVector":"5wWcQVbwkzZWwNYKK58qkZ.3","action":"ProcessGetUpdates", "result":"Done", "context":{"dataType":"Preferences", "deleted":"0", "process_failed_to_decrypt":"0", "process_pending_decryption":"0", "process_success":"62", "total":"62"}}
{"logTime": "1001/103511", "correlationVector":"5wWcQVbwkzZWwNYKK58qkZ.4","action":"ProcessGetUpdates", "result":"Done", "context":{"dataType":"Autofill Profiles", "deleted":"3", "process_failed_to_decrypt":"0", "process_pending_decryption":"0", "process_success":"3", "total":"3"}}
{"logTime": "1001/103511", "correlationVector":"5wWcQVbwkzZWwNYKK58qkZ.5","action":"ProcessGetUpdates", "result":"Done", "context":{"dataType":"Autofill", "deleted":"140", "process_failed_to_decrypt":"0", "process_pending_decryption":"0", "process_success":"143", "total":"143"}}
{"logTime": "1001/103511", "correlationVector":"5wWcQVbwkzZWwNYKK58qkZ.6","action":"ProcessGetUpdates", "result":"Done", "context":{"dataType":"Sessions", "deleted":"29", "process_failed_to_decrypt":"0", "process_pending_decryption":"0", "process_success":"29", "total":"29"}}
{"logTime": "1001/103511", "correlationVector":"5wWcQVbwkzZWwNYKK58qkZ.7","action":"ProcessGetUpdates", "result":"Done", "context":{"dataType":"Saved Tab Group", "deleted":"5", "process_failed_to_decrypt":"0", "process_pending_decryption":"0", "process_success":"5", "total":"5"}}
{"logTime": "1001/103511", "correlationVector":"5wWcQVbwkzZWwNYKK58qkZ.8","action":"GetUpdates Response", "result":"Success", "context":Received 250 update(s). cV=5wWcQVbwkzZWwNYKK58qkZ.0;server=akswtt00300002t;cloudType=Consumer;environment=Prod_southeastasia_prod-s01-064-apac-southeastasia;migrationStage=NotStarted Some updates remain.}
{"logTime": "1001/103511", "correlationVector":"WkZSyfjzMjyf2fCBO3jcvY","action":"Initial GetUpdates", "result":"", "context":Reason: NEWLY_SUPPORTED_DATATYPE. cV=WkZSyfjzMjyf2fCBO3jcvY}
{"logTime": "1001/103512", "correlationVector":"WkZSyfjzMjyf2fCBO3jcvY.1","action":"SyncServerConnectionManagerRequest", "result":"SYNC_SERVER_OK", "context":{"environment":"Prod_southeastasia_prod-s01-064-apac-southeastasia", "migrationStage":"NotStarted", "server":"akswtt003000069"}}
{"logTime": "1001/103512", "correlationVector":"WkZSyfjzMjyf2fCBO3jcvY.2","action":"ProcessGetUpdates", "result":"Done", "context":{"dataType":"Autofill", "deleted":"192", "process_failed_to_decrypt":"0", "process_pending_decryption":"0", "process_success":"196", "total":"196"}}
{"logTime": "1001/103512", "correlationVector":"WkZSyfjzMjyf2fCBO3jcvY.3","action":"ProcessGetUpdates", "result":"Done", "context":{"dataType":"Sessions", "deleted":"45", "process_failed_to_decrypt":"0", "process_pending_decryption":"0", "process_success":"45", "total":"45"}}
{"logTime": "1001/103512", "correlationVector":"WkZSyfjzMjyf2fCBO3jcvY.4","action":"ProcessGetUpdates", "result":"Done", "context":{"dataType":"Edge Hub App Usage", "deleted":"4", "process_failed_to_decrypt":"0", "process_pending_decryption":"0", "process_success":"9", "total":"9"}}
